ÔòöÔòÉÔòÉÔòÉÔòÉÔòÉÔòÉÔòÉÔòÉÔòÉÔòÉÔòÉÔòÉÔòÉÔòÉÔòÉÔòÉÔòÉÔòÉÔòÉÔòÉÔòÉÔòÉÔòÉÔòÉÔòÉÔòÉÔòÉÔòÉÔòÉÔòÉÔòÉÔòÉÔòÉÔòÉÔòÉÔòÉÔòÉÔòÉÔòÉÔòÉÔòÉÔòÉÔòÉÔòÉÔòÉÔòÉÔòÉÔòÉÔòÉÔòÉÔòÉÔòÉÔòÉÔòÉÔòÉÔòÉÔòÉÔòÉÔòù
Ôòæ           Everything Claude Code - Test Suite            Ôòæ
ÔòÜÔòÉÔòÉÔòÉÔòÉÔòÉÔòÉÔòÉÔòÉÔòÉÔòÉÔòÉÔòÉÔòÉÔòÉÔòÉÔòÉÔòÉÔòÉÔòÉÔòÉÔòÉÔòÉÔòÉÔòÉÔòÉÔòÉÔòÉÔòÉÔòÉÔòÉÔòÉÔòÉÔòÉÔòÉÔòÉÔòÉÔòÉÔòÉÔòÉÔòÉÔòÉÔòÉÔòÉÔòÉÔòÉÔòÉÔòÉÔòÉÔòÉÔòÉÔòÉÔòÉÔòÉÔòÉÔòÉÔòÉÔòÉÔòÉÔòØ


ÔöüÔöüÔöü Running lib/detect-env.test.js ÔöüÔöüÔöü

=== Testing detect-env.js ===

Tool Detection:
  Ô£ô detects Cursor when CURSOR_AGENT=1
  Ô£ô detects Claude when CLAUDE_SESSION_ID set
  Ô£ô Cursor wins when both Cursor and Claude signals present
  Ô£ô falls back to unknown when no tool signals

Config Directory Resolution:
  Ô£ô uses CONFIG_DIR when it exists
  Ô£ô falls back to ~/.cursor for Cursor when CONFIG_DIR missing
  Ô£ô defaults to ~/.cursor for Cursor when CONFIG_DIR unset
  Ô£ô defaults to ~/.claude for Claude when CONFIG_DIR unset
  Ô£ô unknown tool prefers ~/.cursor when both configs missing
  Ô£ô unknown tool picks ~/.cursor when cursor skills exist
  Ô£ô unknown tool picks ~/.claude when only Claude skills exist

Data Directory Resolution:
  Ô£ô uses DATA_DIR when it exists
  Ô£ô prefers homunculus next to configDir when present
  Ô£ô falls back to legacy ~/.claude when homunculus exists there
  Ô£ô uses configDir as dataDir when no homunculus exists

Platform Detection:
  Ô£ô detects Windows platform flags
  Ô£ô detects macOS platform flags
  Ô£ô detects generic Linux platform flags
  Ô£ô detects WSL when /proc/version contains microsoft

Session ID Resolution:
  Ô£ô prefers CLAUDE_SESSION_ID
  Ô£ô falls back to CURSOR_TRACE_ID when no CLAUDE_SESSION_ID
  Ô£ô generates stable session ID when no signals present

Derived Paths:
  Ô£ô computes derived skills/hooks/homunculus paths

Summary:
  Passed: 23
  Failed: 0
  Total:  23
Passed: 23
Failed: 0


ÔöüÔöüÔöü Running lib/utils.test.js ÔöüÔöüÔöü

=== Testing utils.js ===

Platform Detection:
  Ô£ô isWindows/isMacOS/isLinux are booleans
  Ô£ô exactly one platform should be true

Directory Functions:
  Ô£ô getHomeDir returns valid path
  Ô£ô getConfigDir returns config dir under home
  Ô£ô getSessionsDir returns path under config dir
  Ô£ô getTempDir returns valid temp directory
  Ô£ô ensureDir creates directory

Date/Time Functions:
  Ô£ô getDateString returns YYYY-MM-DD format
  Ô£ô getTimeString returns HH:MM format
  Ô£ô getDateTimeString returns full datetime format

Project Name Functions:
  Ô£ô getGitRepoName returns string or null
  Ô£ô getProjectName returns non-empty string

Session ID Functions:
  Ô£ô getSessionIdShort falls back to project name when no session signals are set
  Ô£ô getSessionIdShort returns last 8 characters
  Ô£ô getSessionIdShort handles short session IDs

File Operations:
  Ô£ô readFile returns null for non-existent file
  Ô£ô writeFile and readFile work together
  Ô£ô appendFile adds content to file
  Ô£ô replaceInFile replaces text
  Ô£ô countInFile counts occurrences
  Ô£ô grepFile finds matching lines

findFiles:
  Ô£ô findFiles returns empty for non-existent directory
  Ô£ô findFiles finds matching files

Edge Cases:
  Ô£ô findFiles returns empty for null/undefined dir
  Ô£ô findFiles returns empty for null/undefined pattern
  Ô£ô findFiles supports maxAge filter
  Ô£ô findFiles supports recursive option
  Ô£ô countInFile handles invalid regex pattern
  Ô£ô countInFile handles non-string non-regex pattern
  Ô£ô countInFile enforces global flag on RegExp
  Ô£ô grepFile handles invalid regex pattern
  Ô£ô replaceInFile returns false for non-existent file
  Ô£ô countInFile returns 0 for non-existent file
  Ô£ô grepFile returns empty for non-existent file
  Ô£ô commandExists rejects unsafe command names
  Ô£ô ensureDir is idempotent

System Functions:
  Ô£ô commandExists finds node
  Ô£ô getSessionIdShort uses CURSOR_TRACE_ID when CLAUDE_SESSION_ID is not set
  Ô£ô commandExists returns false for fake command
  Ô£ô runCommand executes simple command
  Ô£ô runCommand handles failed command

output() and log():
  Ô£ô output() writes string to stdout
  Ô£ô output() JSON-stringifies objects
  Ô£ô output() JSON-stringifies null (typeof null === "object")
  Ô£ô output() handles arrays as objects
  Ô£ô log() writes to stderr

isGitRepo():
  Ô£ô isGitRepo returns true in a git repo

getGitModifiedFiles():
  Ô£ô getGitModifiedFiles returns an array
  Ô£ô getGitModifiedFiles filters by regex patterns
  Ô£ô getGitModifiedFiles skips invalid patterns
  Ô£ô getGitModifiedFiles skips non-string patterns

getLearnedSkillsDir():
  Ô£ô getLearnedSkillsDir returns path under config dir and includes skills

replaceInFile (behavior):
  Ô£ô replaces first match when regex has no g flag
  Ô£ô replaces all matches when regex has g flag
  Ô£ô replaces with string search (first occurrence)
  Ô£ô replaces all occurrences with string when options.all is true
  Ô£ô options.all is ignored for regex patterns
  Ô£ô replaces with capture groups

writeFile (edge cases):
  Ô£ô writeFile overwrites existing content
  Ô£ô writeFile handles unicode content

findFiles (regex chars):
  Ô£ô findFiles handles regex special chars in pattern
  Ô£ô findFiles wildcard still works with special chars

parseJsonObject()/readStdinJson():
  Ô£ô parseJsonObject parses valid JSON object
  Ô£ô parseJsonObject returns {} for invalid JSON
  Ô£ô parseJsonObject returns {} for empty input
  Ô£ô parseJsonObject handles nested objects

grepFile (global regex fix):
  Ô£ô grepFile with /g flag finds ALL matching lines (not alternating)
  Ô£ô grepFile preserves regex flags other than g (e.g. case-insensitive)

commandExists Edge Cases:
  Ô£ô commandExists rejects empty string
  Ô£ô commandExists rejects command with spaces
  Ô£ô commandExists rejects command with path separators
  Ô£ô commandExists rejects shell metacharacters
  Ô£ô commandExists allows dots and underscores

findFiles Edge Cases:
  Ô£ô findFiles with ? wildcard matches single character
  Ô£ô findFiles sorts by mtime (newest first)
  Ô£ô findFiles with maxAge filters old files

ensureDir Edge Cases:
  Ô£ô ensureDir is safe for concurrent calls (EEXIST race)
  Ô£ô ensureDir returns the directory path

runCommand Edge Cases:
  Ô£ô runCommand returns trimmed output
  Ô£ô runCommand captures stderr on failure

getGitModifiedFiles Edge Cases:
  Ô£ô getGitModifiedFiles returns array with empty patterns

replaceInFile Edge Cases:
  Ô£ô replaceInFile with regex capture groups works correctly

readStdinJson Edge Cases:
  Ô£ô readStdinJson type check: returns a Promise

=== Test Results ===
Passed: 83
Failed: 0
Total:  83



ÔöüÔöüÔöü Running lib/utils-rounds.test.js ÔöüÔöüÔöü

=== Testing utils.js (Round Cases) ===


parseJsonObject edge cases:
  Ô£ô parseJsonObject returns {} for whitespace-only input
  Ô£ô parseJsonObject handles JSON with trailing whitespace/newlines
  Ô£ô parseJsonObject handles JSON with BOM prefix

ensureDir Error Propagation (Round 31):
  Ô£ô ensureDir wraps non-EEXIST errors with descriptive message
  Ô£ô ensureDir error includes the directory path

runCommand failure output (Round 31):
  Ô£ô runCommand returns stderr content on failure when stderr exists
  Ô£ô runCommand falls back to err.message when no stderr

getGitModifiedFiles empty patterns (Round 31):
  Ô£ô getGitModifiedFiles with empty array returns all modified files

parseJsonObject input guards (Round 33):
  Ô£ô parseJsonObject returns {} for primitive JSON values
    (skipped ├ó┬Ç┬ö chmod ineffective on Windows/root)
  Ô£ô replaceInFile returns false on write failure (read-only file)

getGitModifiedFiles all-invalid patterns (Round 69):
  Ô£ô getGitModifiedFiles with all-invalid patterns skips filtering (returns all files)

Round 71: findFiles (unreadable subdirectory in recursive scan):
    (skipped ├ó┬Ç┬ö chmod ineffective on Windows/root)
  Ô£ô findFiles recursive scan skips unreadable subdirectory silently

Round 79: countInFile (valid string pattern):
  Ô£ô countInFile counts occurrences using a plain string pattern

Round 79: grepFile (valid string pattern):
  Ô£ô grepFile finds matching lines using a plain string pattern

Round 84: findFiles (inner statSync catch ├ó┬Ç┬ö broken symlink):
  Ô£ô findFiles skips broken symlinks that match the pattern

getSessionIdShort fallback (Round 85):
    (skipped ├ó┬Ç┬ö root CWD differs on Windows)
  Ô£ô getSessionIdShort uses fallback when getProjectName returns null (CWD at root)

Round 88: replaceInFile with empty replacement string (deletion):
  Ô£ô replaceInFile with empty string replacement deletes matched text

Round 88: countInFile with existing file but non-matching pattern:
  Ô£ô countInFile returns 0 for valid file with no pattern matches

Round 92: countInFile (non-string non-RegExp pattern):
  Ô£ô countInFile returns 0 for object pattern (neither string nor RegExp)

Round 93: countInFile (case-insensitive RegExp, g flag auto-appended):
  Ô£ô countInFile with /pattern/i appends g flag and counts case-insensitively

Round 93: countInFile (case-insensitive RegExp, g flag preserved):
  Ô£ô countInFile with /pattern/gi preserves existing flags and counts correctly

Round 95: countInFile (regex alternation without g flag):
  Ô£ô countInFile with /apple|banana/ (alternation, no g) counts all matches

Round 97: getSessionIdShort (whitespace-only session ID):
  Ô£ô getSessionIdShort returns whitespace when CLAUDE_SESSION_ID is all spaces

Round 97: countInFile (RegExp lastIndex reuse validation):
  Ô£ô countInFile returns consistent count when same RegExp object is reused

Round 98: findFiles (maxAge: -1 ├ó┬Ç┬ö negative boundary excludes all):
  Ô£ô findFiles with maxAge: -1 excludes all files (ageInDays always >= 0)

Round 99: replaceInFile (no-match still returns true):
  Ô£ô replaceInFile returns true and rewrites file even when search does not match

Round 99: grepFile (CR-only line endings ├ó┬Ç┬ö classic Mac format):
  Ô£ô grepFile treats CR-only file as a single line (splits on \n only)

Round 100: findFiles (maxAge + recursive combined ├ó┬Ç┬ö untested interaction):
  Ô£ô findFiles with maxAge AND recursive filters age across subdirectories

Round 101: output() (circular reference ├ó┬Ç┬ö JSON.stringify crash):
  Ô£ô output() throws TypeError on circular reference object (JSON.stringify has no try/catch)

Round 103: countInFile (boolean false ├ó┬Ç┬ö explicit type guard returns 0):
  Ô£ô countInFile returns 0 for boolean false pattern (else branch at line 443)

Round 103: grepFile (numeric 0 ├ó┬Ç┬ö implicit toString via RegExp constructor):
  Ô£ô grepFile with numeric 0 implicitly coerces to /0/ via RegExp constructor

Round 105: grepFile (sticky y flag ├ó┬Ç┬ö not stripped like g, stateful .test() bug):
  Ô£ô grepFile with /pattern/y sticky flag misses lines due to lastIndex state

Round 107: grepFile (empty line matching ├ó┬Ç┬ö ^$ on split lines, trailing \n creates extra empty element):
  Ô£ô grepFile matches empty lines with ^$ pattern including trailing newline phantom line

Round 107: replaceInFile (replacement contains search pattern ├ó┬Ç┬ö String.replace is single-pass):
  Ô£ô replaceInFile does not re-scan replacement text (single-pass, no infinite loop)

Round 106: countInFile (named capture groups ├ó┬Ç┬ö String.match(g) returns full matches only):
  Ô£ô countInFile with named capture groups counts matches not groups

Round 106: grepFile (multiline m flag ├ó┬Ç┬ö preserved in regex, unlike g which is stripped):
  Ô£ô grepFile preserves multiline (m) flag and anchors work on split lines

=== Test Results ===
Passed: 36
Failed: 0
Total:  36



ÔöüÔöüÔöü Running lib/utils-rounds-2.test.js ÔöüÔöüÔöü

=== Testing utils.js (Round Cases) ===


Round 109: appendFile (new file creation ├ó┬Ç┬ö ensureDir creates parent, appendFileSync creates file):
  Ô£ô appendFile creates parent directory and new file when neither exist

Round 108: grepFile (Unicode/emoji ├ó┬Ç┬ö regex matching on UTF-16 split lines):
  Ô£ô grepFile finds Unicode emoji patterns across lines

Round 110: findFiles (root directory unreadable ├ó┬Ç┬ö EACCES on readdirSync caught silently):
    (skipped ├ó┬Ç┬ö chmod ineffective on Windows/root)
  Ô£ô findFiles returns empty array when root directory exists but is unreadable

Round 113: replaceInFile (zero-width regex /(?:)/g ├ó┬Ç┬ö matches every position):
  Ô£ô replaceInFile with zero-width regex /(?:)/g inserts replacement at every position

Round 114: replaceInFile (options.all silently ignored for RegExp search):
  Ô£ô replaceInFile ignores options.all when search is a RegExp ├ó┬Ç┬ö falls through to .replace()

Round 114: output (object containing BigInt ├ó┬Ç┬ö JSON.stringify throws):
  Ô£ô output throws TypeError when object contains BigInt values (JSON.stringify cannot serialize)

Round 115: countInFile (empty string pattern ├ó┬Ç┬ö matches at every zero-width position):
  Ô£ô countInFile with empty string pattern returns content.length + 1 (matches between every char)

Round 117: grepFile (CRLF content ├ó┬Ç┬ö trailing \r breaks anchored regex patterns):
  Ô£ô grepFile with CRLF content: unanchored patterns work but anchored $ fails due to trailing \r

Round 116: replaceInFile (null/undefined replacement ├ó┬Ç┬ö JS coerces to string "null"/"undefined"):
  Ô£ô replaceInFile with null replacement coerces to string "null" via String.replace ToString

Round 116: ensureDir (null path ├ó┬Ç┬ö fs.existsSync(null) throws TypeError):
  Ô£ô ensureDir with null path throws wrapped Error from TypeError (ERR_INVALID_ARG_TYPE)

Round 118: writeFile (non-string content ├ó┬Ç┬ö TypeError propagates uncaught):
  Ô£ô writeFile with null/number content throws TypeError because fs.writeFileSync rejects non-string data

Round 119: appendFile (non-string content ├ó┬Ç┬ö TypeError propagates like writeFile):
  Ô£ô appendFile with null/number content throws TypeError (no try/catch wrapper)

Round 120: replaceInFile (empty string search ├ó┬Ç┬ö replace vs replaceAll dramatic difference):
  Ô£ô replaceInFile with empty search: replace prepends at pos 0; replaceAll inserts between every char

Round 121: findFiles (? glob pattern ├ó┬Ç┬ö converted to . regex for single char match):
  Ô£ô findFiles with ? glob matches single character only ├ó┬Ç┬ö test?.txt matches test1 but not test12

Round 122: findFiles (dot escaping ├ó┬Ç┬ö *.txt matches file.txt but not filetxt):
  Ô£ô findFiles escapes dots in glob pattern so *.txt only matches literal .txt extension

Round 123: countInFile (overlapping patterns ├ó┬Ç┬ö String.match(/g/) is non-overlapping):
  Ô£ô countInFile counts non-overlapping matches only ├ó┬Ç┬ö "aaa" with /aa/g returns 1 not 2

Round 123: replaceInFile ($& and $$ substitution tokens in replacement):
  Ô£ô replaceInFile replacement string interprets $& as matched text and $$ as literal $

Round 124: findFiles (* glob matches dotfiles ├ó┬Ç┬ö unlike shell globbing):
  Ô£ô findFiles with * pattern matches dotfiles because .* regex includes hidden files

Round 125: readFile (binary/non-UTF8 content ├ó┬Ç┬ö garbled, not null):
  Ô£ô readFile with binary content returns garbled string (not null) because UTF-8 decode does not throw

Round 125: output() (undefined/NaN/Infinity ├ó┬Ç┬ö typeof checks and JSON.stringify):
  Ô£ô output() handles undefined, NaN, Infinity as non-objects ├ó┬Ç┬ö logs directly

=== Test Results ===
Passed: 20
Failed: 0
Total:  20



ÔöüÔöüÔöü Running lib/package-manager.test.js ÔöüÔöüÔöü

=== Testing package-manager.js ===

PACKAGE_MANAGERS Constant:
  Ô£ô PACKAGE_MANAGERS has all expected managers
  Ô£ô Each manager has required properties

detectFromLockFile:
  Ô£ô detects npm from package-lock.json
  Ô£ô detects pnpm from pnpm-lock.yaml
  Ô£ô detects yarn from yarn.lock
  Ô£ô detects bun from bun.lockb
  Ô£ô returns null when no lock file exists
  Ô£ô respects detection priority (pnpm > npm)

detectFromPackageJson:
  Ô£ô detects package manager from packageManager field
  Ô£ô handles packageManager without version
  Ô£ô returns null when no packageManager field
  Ô£ô returns null when no package.json exists

getAvailablePackageManagers:
  Ô£ô returns array of available managers

getPackageManager:
  Ô£ô returns object with name, config, and source
  Ô£ô respects environment variable
  Ô£ô detects from lock file in project

getRunCommand:
  Ô£ô returns correct install command
  Ô£ô returns correct test command

getExecCommand:
  Ô£ô returns correct exec command for npm
  Ô£ô returns correct exec command for pnpm

getCommandPattern:
  Ô£ô generates pattern for dev command
  Ô£ô pattern matches actual commands

getSelectionPrompt:
  Ô£ô returns informative prompt

setProjectPackageManager:
  Ô£ô sets project package manager
  Ô£ô rejects unknown package manager

setPreferredPackageManager:
  Ô£ô rejects unknown package manager

detectFromPackageJson (edge cases):
  Ô£ô handles invalid JSON in package.json
  Ô£ô returns null for unknown package manager in packageManager field

getExecCommand (edge cases):
  Ô£ô returns exec command without args

getRunCommand (additional):
  Ô£ô returns correct build command
  Ô£ô returns correct dev command
  Ô£ô returns correct custom script command

DETECTION_PRIORITY:
  Ô£ô has pnpm first
  Ô£ô has npm last

getCommandPattern (additional):
  Ô£ô generates pattern for install command
  Ô£ô generates pattern for custom action

getPackageManager (robustness):
  Ô£ô falls through on corrupted project config JSON
  Ô£ô falls through on project config with unknown PM

getRunCommand (validation):
  Ô£ô rejects empty script name
  Ô£ô rejects null script name
  Ô£ô rejects script name with shell metacharacters
  Ô£ô rejects script name with backticks
  Ô£ô accepts scoped package names

getExecCommand (validation):
  Ô£ô rejects empty binary name
  Ô£ô rejects null binary name
  Ô£ô rejects binary name with shell metacharacters
  Ô£ô accepts dotted binary names like tsc

getPackageManager (source detection):
  Ô£ô detects from valid project-config (.claude/package-manager.json)
  Ô£ô project-config takes priority over package.json
  Ô£ô package.json takes priority over lock file
  Ô£ô defaults to npm when no config found

setPreferredPackageManager (success):
  Ô£ô successfully saves preferred package manager in isolated temp config dir

getCommandPattern (completeness):
  Ô£ô generates pattern for test command
  Ô£ô generates pattern for build command

getRunCommand (PM-specific formats):
  Ô£ô pnpm custom script: pnpm (no run keyword)
  Ô£ô yarn custom script: yarn <script>
  Ô£ô bun custom script: bun run <script>
  Ô£ô npm custom script: npm run <script>
  Ô£ô pnpm install returns pnpm install
  Ô£ô yarn install returns yarn (no install keyword)
  Ô£ô bun test returns bun test

getExecCommand (PM-specific formats):
  Ô£ô pnpm exec: pnpm dlx <binary>
  Ô£ô yarn exec: yarn dlx <binary>
  Ô£ô bun exec: bunx <binary>
  Ô£ô ignores unknown env var package manager

=== Test Results ===
Passed: 65
Failed: 0
Total: 65



ÔöüÔöüÔöü Running lib/package-manager-rounds.test.js ÔöüÔöüÔöü

=== Testing package-manager.js ===


=== Testing package-manager.js (Round Cases) ===


getExecCommand (args validation):
  Ô£ô rejects args with shell metacharacter semicolon
  Ô£ô rejects args with pipe character
  Ô£ô rejects args with backtick injection
  Ô£ô rejects args with dollar sign
  Ô£ô rejects args with ampersand
  Ô£ô allows safe args like --write .
  Ô£ô allows empty args without trailing space

getCommandPattern (regex escaping):
  Ô£ô escapes dot in action name for regex safety
  Ô£ô escapes brackets in action name
  Ô£ô escapes parentheses in action name

getRunCommand (non-string input):
  Ô£ô rejects undefined script name
  Ô£ô rejects numeric script name
  Ô£ô rejects boolean script name

getExecCommand (non-string binary):
  Ô£ô rejects undefined binary name
  Ô£ô rejects numeric binary name

getCommandPattern (escapeRegex completeness):
  Ô£ô escapes all regex metacharacters in action
  Ô£ô escapeRegex preserves alphanumeric chars

getPackageManager (global config edge cases):
  Ô£ô ignores global config with non-string packageManager

Round 30: getCommandPattern edge cases:
  Ô£ô escapes pipe character in action name
  Ô£ô escapes dollar sign in action name
  Ô£ô handles action with leading/trailing spaces gracefully
  Ô£ô known action "dev" does NOT use escapeRegex path

setProjectPackageManager (write verification, Round 31):
  Ô£ô setProjectPackageManager creates .claude directory if missing
  Ô£ô setProjectPackageManager includes setAt timestamp

getExecCommand (safe argument edge cases, Round 31):
  Ô£ô allows colons in args (e.g. --fix:all)
  Ô£ô allows at-sign in args (e.g. @latest)
  Ô£ô allows equals in args (e.g. --config=path)

Round 34: getExecCommand non-string args:
  Ô£ô getExecCommand with args=0 produces command without extra args
  Ô£ô getExecCommand with args=false produces command without extra args
  Ô£ô getExecCommand with args=null produces command without extra args

Round 34: detectFromPackageJson with non-string packageManager:
  Ô£ô detectFromPackageJson handles array packageManager field gracefully
  Ô£ô detectFromPackageJson handles numeric packageManager field gracefully

Round 48: detectFromPackageJson (version format edge cases):
  Ô£ô returns null for packageManager with non-@ separator
  Ô£ô extracts package manager from caret version like yarn@^4.0.0
  Ô£ô getPackageManager falls through corrupted global config to npm default

Round 69: getPackageManager (global-config success):
  Ô£ô getPackageManager returns source global-config when valid global config exists

Round 71: setPreferredPackageManager (save failure):
 (skipped ÔÇö chmod ineffective on Windows/root)
  Ô£ô setPreferredPackageManager throws wrapped error when save fails

Round 72: setProjectPackageManager (save failure):
 (skipped ÔÇö chmod ineffective on Windows/root)
  Ô£ô setProjectPackageManager throws wrapped error when write fails

Round 80: getExecCommand (truthy non-string args):
  Ô£ô getExecCommand rejects truthy non-string args like number 42

Round 86: detectFromPackageJson (empty package.json):
  Ô£ô detectFromPackageJson returns null for empty (0-byte) package.json

Round 91: getCommandPattern (empty action):
  Ô£ô getCommandPattern with empty string returns valid regex pattern

Round 91: detectFromPackageJson (whitespace-only packageManager):
  Ô£ô detectFromPackageJson returns null for whitespace-only packageManager field

Round 92: detectFromPackageJson (empty string packageManager):
  Ô£ô detectFromPackageJson returns null for empty string packageManager field

Round 94: detectFromPackageJson (scoped package name @scope/pkg@version):
  Ô£ô detectFromPackageJson returns null for scoped package name (@scope/pkg@version)

Round 94: getPackageManager (empty string CLAUDE_PACKAGE_MANAGER env var):
  Ô£ô getPackageManager skips empty string CLAUDE_PACKAGE_MANAGER (falsy short-circuit)

Round 104: detectFromLockFile (null projectDir ÔÇö throws TypeError):
  Ô£ô detectFromLockFile(null) throws TypeError (path.join rejects null)

Round 105: getExecCommand (object args are rejected):
  Ô£ô getExecCommand rejects object args and still rejects unsafe string "[object Object]"

Round 109: getExecCommand (path traversal in binary is rejected):
  Ô£ô getExecCommand rejects ../../../etc/passwd and @scope/../../evil as unsafe binary names

Round 108: getRunCommand (path traversal in script name is rejected):
  Ô£ô getRunCommand rejects @scope/../../evil and ../../../etc/passwd as unsafe script names

Round 111: getExecCommand (newline in args is rejected; only space/tab allowed):
  Ô£ô getExecCommand rejects newline and carriage return in args but still allows tabs

=== Test Results ===
Passed: 50
Failed: 0
Total: 50



ÔöüÔöüÔöü Running lib/session-manager.test.js ÔöüÔöüÔöü

=== Testing session-manager.js ===

parseSessionFilename:
  Ô£ô parses new format with short ID
  Ô£ô parses old format without short ID
  Ô£ô returns null for invalid filename
  Ô£ô returns null for malformed date
  Ô£ô parses long short IDs (8+ chars)
  Ô£ô rejects short IDs less than 8 chars

parseSessionMetadata:
  Ô£ô parses full session content
  Ô£ô handles null/undefined/empty content
  Ô£ô handles content with no sections

getSessionStats:
  Ô£ô calculates stats from content string
  Ô£ô handles empty content
  Ô£ô does not treat non-absolute path as file path

Session CRUD:
  Ô£ô writeSessionContent and getSessionContent round-trip
  Ô£ô appendSessionContent appends to existing
  Ô£ô writeSessionContent returns false for invalid path
  Ô£ô getSessionContent returns null for non-existent file
  Ô£ô deleteSession removes file
  Ô£ô deleteSession returns false for non-existent file
  Ô£ô sessionExists returns true for existing file
  Ô£ô sessionExists returns false for non-existent file
  Ô£ô sessionExists returns false for directory

getSessionSize:
  Ô£ô returns human-readable size for existing file
  Ô£ô returns "0 B" for non-existent file
  Ô£ô returns bytes for small file

getSessionTitle:
  Ô£ô extracts title from session file
  Ô£ô returns "Untitled Session" for empty content
  Ô£ô returns "Untitled Session" for non-existent file

getAllSessions:
  Ô£ô getAllSessions returns all sessions
  Ô£ô getAllSessions paginates correctly
  Ô£ô getAllSessions filters by date
  Ô£ô getAllSessions filters by search (short ID)
  Ô£ô getAllSessions returns sorted by newest first
  Ô£ô getAllSessions handles offset beyond total
  Ô£ô getAllSessions returns empty for non-existent date
  Ô£ô getAllSessions ignores non-.tmp files

getSessionById:
  Ô£ô getSessionById finds by short ID prefix
  Ô£ô getSessionById finds by short ID prefix match
  Ô£ô getSessionById finds by full filename
  Ô£ô getSessionById finds by filename without .tmp
  Ô£ô getSessionById returns null for non-existent ID
  Ô£ô getSessionById includes content when requested
  Ô£ô getSessionById finds old format (no short ID)
  Ô£ô getSessionById returns null for empty string
  Ô£ô getSessionById metadata and stats populated when includeContent=true

parseSessionMetadata (edge cases):
  Ô£ô handles CRLF line endings
  Ô£ô takes first h1 heading as title
  Ô£ô handles empty sections (Completed with no items)
  Ô£ô handles content with only title and notes
  Ô£ô extracts context with backtick fenced block
  Ô£ô trims whitespace from title

getSessionStats (edge cases):
  Ô£ô detects notes and context presence
  Ô£ô detects absence of notes and context
  Ô£ô treats Unix absolute path ending with .tmp as file path

getSessionSize (edge cases):
  Ô£ô returns MB for large file
  Ô£ô appendSessionContent returns false for invalid path

parseSessionFilename (additional edge cases):
  Ô£ô rejects uppercase letters in short ID
  Ô£ô rejects filenames with extra segments
  Ô£ô rejects impossible month (13)
  Ô£ô rejects impossible day (32)
  Ô£ô rejects month 00
  Ô£ô rejects day 00
  Ô£ô accepts valid edge date (month 12, day 31)
  Ô£ô rejects Feb 31 (calendar-inaccurate date)
  Ô£ô rejects Apr 31 (calendar-inaccurate date)
  Ô£ô rejects Feb 29 in non-leap year
  Ô£ô accepts Feb 29 in leap year
  Ô£ô accepts Jun 30 (valid 30-day month)
  Ô£ô rejects Jun 31 (invalid 30-day month)
  Ô£ô datetime field is a Date object

writeSessionContent:
  Ô£ô creates new session file
  Ô£ô overwrites existing session file
  Ô£ô writeSessionContent returns false for invalid path

appendSessionContent:
  Ô£ô appends to existing session file

deleteSession:
  Ô£ô deletes existing session file
  Ô£ô deleteSession returns false for non-existent file

sessionExists:
  Ô£ô returns true for existing session file
  Ô£ô returns false for non-existent file
  Ô£ô returns false for directory (not a file)

getAllSessions (pagination edge cases):
  Ô£ô getAllSessions clamps negative offset to 0
  Ô£ô getAllSessions clamps NaN offset to 0
  Ô£ô getAllSessions clamps NaN limit to default
  Ô£ô getAllSessions clamps negative limit to 1
  Ô£ô getAllSessions clamps zero limit to 1
  Ô£ô getAllSessions handles string offset/limit gracefully
  Ô£ô getAllSessions handles fractional offset (floors to integer)
  Ô£ô getAllSessions handles Infinity offset

getSessionStats (code blocks & special chars):
  Ô£ô counts tasks with inline backticks correctly
  Ô£ô handles special chars in notes section
  Ô£ô counts items in multiline code-heavy session
  Ô£ô getSessionStats handles empty string content

parseSessionFilename (30-day month validation):
  Ô£ô rejects Sep 31 (September has 30 days)
  Ô£ô rejects Nov 31 (November has 30 days)
  Ô£ô accepts Sep 30 (valid 30-day month boundary)

getSessionStats (path heuristic edge cases):
  Ô£ô multiline content ending with .tmp is treated as content
  Ô£ô single-line content not starting with / treated as content

getAllSessions (combined filters):
  Ô£ô combines date filter + search filter + pagination
  Ô£ô date filter + offset beyond matches returns empty

getSessionById (ambiguous prefix):
  Ô£ô returns first match when multiple sessions share a prefix

parseSessionMetadata (edge cases):
  Ô£ô handles unclosed code fence in Context section
  Ô£ô handles empty task text in checklist items

Results: Passed: 100, Failed: 0

[SessionManager] Error writing session: ENOENT: no such file or directory, open 'C:\nonexistent\deep\path\session.tmp'
[SessionManager] Error appending to session: ENOENT: no such file or directory, open 'C:\nonexistent\deep\path\session.tmp'
[SessionManager] Error writing session: ENOENT: no such file or directory, open 'C:\nonexistent\deep\path\session.tmp'


ÔöüÔöüÔöü Running lib/session-manager-rounds.test.js ÔöüÔöüÔöü

=== Testing session-manager.js (Round Cases) ===


Round 43: getSessionById (default excludes content):
  Ô£ô getSessionById without includeContent omits content, metadata, and stats

Round 54: search filter scope and path utility:
  Ô£ô getAllSessions search filter matches only short ID, not title or content
  Ô£ô getSessionPath returns absolute path for session filename

Round 66: getSessionById (noIdMatch ├»┬┐┬¢ date-only match for old format):
  Ô£ô getSessionById finds old-format session by date-only string (noIdMatch)

Round 30: datetime local-time fix:
  Ô£ô datetime day matches the filename date (local-time constructor)
  Ô£ô datetime matches for January 1 (timezone-sensitive date)
  Ô£ô datetime matches for December 31 (year boundary)

Round 30: parseSessionFilename edge cases:
  Ô£ô parses session ID with many dashes (UUID-like)
  Ô£ô rejects filename with missing session.tmp suffix
  Ô£ô rejects filename with extra text after suffix
  Ô£ô handles old-format filename without session ID

createdTime fallback (Round 33):
  Ô£ô getAllSessions returns createdTime from birthtime when available
  Ô£ô getSessionById returns createdTime field
  Ô£ô createdTime falls back to ctime when birthtime is epoch-zero

getSessionStats Windows path heuristic (Round 46):
  Ô£ô recognises Windows drive-letter path as a file path
  Ô£ô does not treat bare drive letter without slash as path

parseSessionMetadata checkbox case sensitivity (Round 46):
  Ô£ô uppercase [X] does not match completed items regex
  Ô£ô getAllSessions returns empty when sessions dir missing

Round 69: getSessionById (missing sessions directory):
  Ô£ô getSessionById returns null when sessions directory does not exist

Round 78: getSessionStats (actual file path ? reads from disk):
  Ô£ô getSessionStats reads from disk when given path to existing .tmp file

Round 78: getAllSessions (hasContent field):
  Ô£ô getAllSessions hasContent is true for non-empty and false for empty files

Round 75: deleteSession (unlink failure in read-only dir):
    (skipped ├»┬┐┬¢ chmod ineffective on Windows/root)
  Ô£ô deleteSession returns false when file exists but directory is read-only

Round 81: getSessionStats(null) (null input):
  Ô£ô getSessionStats(null) returns zero lineCount and empty metadata

Round 83: getAllSessions (broken symlink ├»┬┐┬¢ statSync catch):
  Ô£ô getAllSessions skips broken symlink .tmp files gracefully

Round 84: getSessionById (broken symlink ├»┬┐┬¢ statSync catch):
  Ô£ô getSessionById returns null when matching session is a broken symlink

Round 88: parseSessionMetadata content lacking Date/Started/Updated fields:
  Ô£ô parseSessionMetadata returns null for date, started, lastUpdated when fields absent

Round 89: getAllSessions (subdirectory skip):
  Ô£ô getAllSessions skips subdirectories inside sessions dir

Round 91: getSessionStats (mixed Windows path separators):
  Ô£ô getSessionStats treats mixed Windows separators as a file path

Round 92: getSessionStats (Windows UNC path):
  Ô£ô getSessionStats treats UNC path as content (not recognized as file path)

Round 93: getSessionStats (drive letter without slash ├»┬┐┬¢ regex boundary):
  Ô£ô getSessionStats treats drive letter without slash as content (not a path)

Round 95: getAllSessions (both negative offset and negative limit):
  Ô£ô getAllSessions clamps both negative offset (to 0) and negative limit (to 1) simultaneously

Round 96: parseSessionFilename (Feb 30 ├»┬┐┬¢ impossible date):
  Ô£ô parseSessionFilename rejects Feb 30 (passes day<=31 but fails Date rollover)

Round 96: getAllSessions (limit: Infinity ├»┬┐┬¢ pagination bypass):
  Ô£ô getAllSessions with limit: Infinity returns all sessions (no pagination)

Round 96: getAllSessions (limit: null ├»┬┐┬¢ destructuring default bypass):
  Ô£ô getAllSessions with limit: null clamps to 1 (null bypasses destructuring default)

Round 97: getAllSessions (whitespace search ├»┬┐┬¢ truthy but unmatched):
  Ô£ô getAllSessions with search: " " returns empty because space is truthy but never matches shortId

Round 98: getSessionById (null sessionId ├»┬┐┬¢ crashes at line 297):
  Ô£ô getSessionById(null) throws TypeError when session files exist

Round 98: parseSessionFilename (null input ├»┬┐┬¢ crashes at line 30):
  Ô£ô parseSessionFilename(null) throws TypeError because null has no .match()

Round 99: writeSessionContent (null path ├»┬┐┬¢ error handling):
  Ô£ô writeSessionContent(null, content) returns false (TypeError caught by try/catch)

Round 100: parseSessionMetadata (### in item text ├»┬┐┬¢ lazy regex truncation):
  Ô£ô parseSessionMetadata truncates item text at embedded ### due to lazy regex lookahead

Round 101: getSessionStats (non-string input ├»┬┐┬¢ type confusion crash):
  Ô£ô getSessionStats(123) throws TypeError (number reaches parseSessionMetadata ? .match() fails)

Round 101: appendSessionContent (null path ├»┬┐┬¢ error handling):
  Ô£ô appendSessionContent(null, content) returns false (TypeError caught by try/catch)

Round 102: getSessionStats (Unix nonexistent .tmp path ├»┬┐┬¢ looksLikePath ? null content):
  Ô£ô getSessionStats returns zeroed stats when Unix path looks like file but does not exist

Round 102: parseSessionMetadata ([x] items in In Progress ├»┬┐┬¢ regex skips checked):
  Ô£ô parseSessionMetadata skips [x] checked items in In Progress section (regex only matches [ ])

Round 104: parseSessionMetadata (whitespace-only notes ├»┬┐┬¢ trim reduces to empty):
  Ô£ô parseSessionMetadata treats whitespace-only notes as absent (trim ? empty string ? falsy)

Round 105: parseSessionMetadata (blank line inside section ├»┬┐┬¢ regex stops at \n\n):
  Ô£ô parseSessionMetadata drops completed items after a blank line within the section

Round 106: getAllSessions (array/object limit coercion ├»┬┐┬¢ Number([5])?5, Number({})?NaN?50):
  Ô£ô getAllSessions coerces array/object limit via Number() with NaN fallback to 50

Results: Passed: 46, Failed: 0

[SessionManager] Error writing session: The "path" argument must be of type string or an instance of Buffer or URL. Received null
[SessionManager] Error appending to session: The "path" argument must be of type string or an instance of Buffer or URL. Received null


ÔöüÔöüÔöü Running lib/session-manager-rounds-2.test.js ÔöüÔöüÔöü

=== Testing session-manager.js (Round Cases) ===


Round 109: getAllSessions (non-session .tmp files ├»┬┐┬¢ parseSessionFilename returns null ? skip):
  Ô£ô getAllSessions ignores .tmp files with non-matching filenames

Round 108: getSessionSize (exact 1024-byte boundary ├»┬┐┬¢ < means 1024 is KB, 1023 is B):
  Ô£ô getSessionSize returns KB at exactly 1024 bytes and B at 1023

Round 110: parseSessionFilename (year 0000 ├»┬┐┬¢ Date constructor maps 0?1900):
  Ô£ô parseSessionFilename with year 0000 produces datetime in 1900 due to JS Date legacy mapping

Round 110: parseSessionFilename (uppercase ID ├»┬┐┬¢ regex [a-z0-9]{8,} rejects [A-Z]):
  Ô£ô parseSessionFilename rejects filenames with uppercase characters in short ID

Round 111: parseSessionMetadata (nested ``` in context ├»┬┐┬¢ lazy \S*? stops at first ```):");
  Ô£ô parseSessionMetadata context capture truncated by nested triple backticks

Round 112: getSessionStats (newline-in-path heuristic):
  Ô£ô getSessionStats treats absolute .tmp path containing newline as content, not a file path

Round 112: appendSessionContent (read-only file):
  Ô£ô appendSessionContent returns false when file is read-only (EACCES)

Round 113: parseSessionFilename (century leap year ├»┬┐┬¢ 100/400 rules):
  Ô£ô parseSessionFilename rejects Feb 29 in century non-leap years (1900, 2100) but accepts 2000

Round 113: parseSessionMetadata (title with markdown formatting ├»┬┐┬¢ raw markdown preserved):
  Ô£ô parseSessionMetadata captures raw markdown formatting in title without stripping

Round 115: parseSessionMetadata (CRLF line endings ├»┬┐┬¢ \r\n vs \n in section regexes):
  Ô£ô parseSessionMetadata handles CRLF content ├»┬┐┬¢ title trimmed, sections may over-capture

Round 117: getSessionSize (B/KB/MB formatting at exact boundary thresholds):
  Ô£ô getSessionSize formats correctly at B?KB boundary (1023?"1023 B", 1024?"1.0 KB") and KB?MB

Round 117: parseSessionFilename (uppercase short ID ├»┬┐┬¢ regex [a-z0-9] rejects uppercase):
  Ô£ô parseSessionFilename rejects uppercase short IDs because regex uses [a-z0-9] not [a-zA-Z0-9]

Round 119: parseSessionMetadata ("Context to Load" ├»┬┐┬¢ code block extraction edge cases):
  Ô£ô parseSessionMetadata extracts Context to Load from code block, handles missing/nested blocks

Round 120: parseSessionMetadata ("Notes for Next Session" ├»┬┐┬¢ extraction edge cases):
  Ô£ô parseSessionMetadata extracts notes section ├»┬┐┬¢ last section, empty, followed by ###

Round 121: parseSessionMetadata (Started/Last Updated time extraction):
  Ô£ô parseSessionMetadata extracts Started and Last Updated times from markdown

Round 122: getSessionById (old format no-id ├»┬┐┬¢ date-only filename match):
  Ô£ô getSessionById matches old format YYYY-MM-DD-session.tmp via noIdMatch path

Round 123: parseSessionMetadata (CRLF section boundaries ├»┬┐┬¢ \n\n fails to match \r\n\r\n):
  Ô£ô parseSessionMetadata CRLF content: \n\n boundary fails, lazy match bleeds across sections

Round 124: getAllSessions (invalid date format ├»┬┐┬¢ strict !== comparison):
  Ô£ô getAllSessions date filter uses strict equality so wrong format returns empty

Round 124: parseSessionMetadata (title regex edge cases ├»┬┐┬¢ /^#\s+(.+)$/m):
  Ô£ô parseSessionMetadata title: no space after # fails, ## fails, multiple picks first, empty trims

Results: Passed: 19, Failed: 0


ÔöüÔöüÔöü Running lib/session-aliases.test.js ÔöüÔöüÔöü

=== Testing session-aliases.js ===

loadAliases:
  Ô£ô returns default structure when no file exists
  Ô£ô returns default structure for corrupted JSON
  Ô£ô returns default structure for invalid structure

setAlias:
  Ô£ô creates a new alias
  Ô£ô updates an existing alias
  Ô£ô rejects empty alias name
  Ô£ô rejects null alias name
  Ô£ô rejects invalid characters in alias
  Ô£ô rejects alias longer than 128 chars
  Ô£ô rejects reserved alias names
  Ô£ô rejects empty session path
  Ô£ô accepts underscores and dashes in alias

resolveAlias:
  Ô£ô resolves existing alias
  Ô£ô returns null for non-existent alias
  Ô£ô returns null for null/undefined input
  Ô£ô returns null for invalid alias characters

listAliases:
  Ô£ô lists all aliases sorted by recency
  Ô£ô filters aliases by search string
  Ô£ô limits number of results
  Ô£ô returns empty array when no aliases exist
  Ô£ô search is case-insensitive

deleteAlias:
  Ô£ô deletes existing alias
  Ô£ô returns error for non-existent alias

renameAlias:
  Ô£ô renames existing alias
  Ô£ô rejects rename to existing alias
  Ô£ô rejects rename of non-existent alias
  Ô£ô rejects rename to invalid characters
  Ô£ô rejects rename to empty string
  Ô£ô rejects rename to reserved name
  Ô£ô rejects rename to name exceeding 128 chars

updateAliasTitle:
  Ô£ô updates title of existing alias
  Ô£ô clears title with null
  Ô£ô rejects non-string non-null title
  Ô£ô rejects title update for non-existent alias

resolveSessionAlias:
  Ô£ô resolves alias to session path
  Ô£ô returns null when input is not a known alias

getAliasesForSession:
  Ô£ô finds all aliases for a session path
  Ô£ô returns empty array for session with no aliases

cleanupAliases:
  Ô£ô removes aliases for non-existent sessions
  Ô£ô handles all sessions existing (no cleanup needed)
  Ô£ô rejects non-function sessionExists
  Ô£ô handles sessionExists that throws an exception

listAliases (edge cases):
  Ô£ô handles entries with missing timestamps gracefully
  Ô£ô search matches title in addition to name
  Ô£ô limit of 0 returns empty array
  Ô£ô search with no matches returns empty array

setAlias (edge cases):
  Ô£ô rejects non-string session path types
  Ô£ô rejects whitespace-only session path
  Ô£ô preserves createdAt on update

updateAliasTitle (edge cases):
  Ô£ô empty string title becomes null

saveAliases (atomic write):
  Ô£ô persists data across load/save cycles
  Ô£ô updates metadata on save

cleanupAliases (edge cases):
  Ô£ô returns correct totalChecked when all removed
  Ô£ô cleanupAliases returns success:true when aliases removed
  Ô£ô cleanupAliases returns success:true when no cleanup needed
  Ô£ô cleanupAliases with empty aliases file does nothing
  Ô£ô cleanupAliases preserves aliases where sessionExists returns true

renameAlias (edge cases):
  Ô£ô rename preserves session path and title
  Ô£ô rename preserves original createdAt timestamp

getAliasesForSession (edge cases):
  Ô£ô does not match partial session paths

Results: Passed: 60, Failed: 0

[Aliases] Error parsing aliases file: Unexpected token 'N', "NOT VALID JSON!!!" is not valid JSON
[Aliases] Invalid aliases file structure, resetting


ÔöüÔöüÔöü Running lib/session-aliases-rounds.test.js ÔöüÔöüÔöü

=== Testing session-aliases.js ===


=== Testing session-aliases.js (Round Cases) ===


setAlias (reserved names case sensitivity):
  Ô£ô rejects uppercase reserved name LIST
  Ô£ô rejects mixed-case reserved name Help
  Ô£ô rejects mixed-case reserved name Set

listAliases (negative limit):
  Ô£ô negative limit does not truncate results

setAlias (undefined title):
  Ô£ô undefined title becomes null (same as explicit null)

saveAliases (failure paths, Round 31):
  Ô£ô saveAliases returns false for invalid data (non-serializable)
  Ô£ô saveAliases handles writing to read-only directory gracefully
  Ô£ô loadAliases returns fresh structure for missing file

renameAlias rollback (Round 33):
  Ô£ô renameAlias with circular data triggers rollback path
  Ô£ô renameAlias returns rolled-back error message on save failure
  Ô£ô renameAlias rollback preserves original alias data on naming conflict

saveAliases backup/restore (Round 33):
  Ô£ô saveAliases creates backup before write and removes on success
  Ô£ô saveAliases with non-serializable data returns false and preserves existing file

Round 39: atomic overwrite:
  Ô£ô saveAliases overwrites existing file atomically

Round 48: rapid sequential saves:
  Ô£ô rapid sequential setAlias calls maintain data integrity

Round 56: Windows platform atomic write path:
  Ô£ô Windows platform mock: unlinks existing file before rename

Round 64: loadAliases version/metadata backfill:
  Ô£ô loadAliases backfills missing version and metadata fields

Round 67: loadAliases (empty 0-byte file):
  Ô£ô loadAliases returns default structure for empty (0-byte) file

Round 67: resolveSessionAlias (null/falsy input):
  Ô£ô resolveSessionAlias returns null when given null input

Round 67: loadAliases (metadata-only backfill, version present):
  Ô£ô loadAliases backfills only metadata when version already present

updateAliasTitle save failure (Round 70):
    (skipped ├ó┬Ç┬ö chmod ineffective on Windows/root)
  Ô£ô updateAliasTitle returns failure when saveAliases fails (read-only dir)

Round 72: deleteAlias (save failure):
    (skipped ├ó┬Ç┬ö chmod ineffective on Windows/root)
  Ô£ô deleteAlias returns failure when saveAliases fails (read-only dir)

Round 73: cleanupAliases (save failure):
    (skipped ├ó┬Ç┬ö chmod ineffective on Windows/root)
  Ô£ô cleanupAliases returns failure when saveAliases fails after removing aliases

Round 73: setAlias (save failure):
    (skipped ├ó┬Ç┬ö chmod ineffective on Windows/root)
  Ô£ô setAlias returns failure when saveAliases fails

Round 84: listAliases (NaN date fallback in sort comparator):
  Ô£ô listAliases sorts entries with invalid/missing dates to the end via || 0 fallback

Round 86: loadAliases (truthy non-object aliases field):
  Ô£ô loadAliases resets to defaults when aliases field is a string (typeof !== object)

Round 90: saveAliases (backup restore double failure):
    (skipped ├ó┬Ç┬ö chmod not reliable on Windows)
  Ô£ô saveAliases triggers inner restoreErr catch when both save and restore fail

Round 95: renameAlias (self-rename same name):
  Ô£ô renameAlias returns "already exists" error when renaming alias to itself

Round 100: cleanupAliases (callback returns 0 ├ó┬Ç┬ö falsy non-boolean coercion):
  Ô£ô cleanupAliases removes alias when callback returns 0 (falsy coercion: !0 === true)

Results: Passed: 29, Failed: 0

[Aliases] Error saving aliases: Converting circular structure to JSON
    --> starting at object with constructor 'Object'
    --- property 'self' closes the circle
[Aliases] Error saving aliases: Converting circular structure to JSON
    --> starting at object with constructor 'Object'
    --- property 'self' closes the circle
[Aliases] Invalid aliases file structure, resetting


ÔöüÔöüÔöü Running lib/session-aliases-rounds-2.test.js ÔöüÔöüÔöü

=== Testing session-aliases.js ===


Round 102: setAlias (title=0 ├ó┬Ç┬ö falsy coercion silently converts to null):
  Ô£ô setAlias with title=0 stores null (0 || null === null due to JavaScript falsy coercion)

Round 103: loadAliases (array aliases are rejected and reset):
  Ô£ô loadAliases rejects array aliases and resets to default empty object map

Round 104: resolveSessionAlias (path-traversal input ├ó┬Ç┬ö now rejected with null):
  Ô£ô resolveSessionAlias returns null for path-traversal input when alias lookup fails

Round 107: setAlias (whitespace-only title ├ó┬Ç┬ö truthy string stored as-is, unlike sessionPath which is trim-checked):
  Ô£ô setAlias stores whitespace-only title as-is (no trim validation, unlike sessionPath)

Round 111: setAlias (128-char alias ├ó┬Ç┬ö exact boundary of > 128 check):
  Ô£ô setAlias accepts alias of exactly 128 characters (128 is NOT > 128)

Round 112: resolveAlias (Unicode rejection):
  Ô£ô resolveAlias returns null for alias names containing Unicode characters

Round 114: listAliases (non-string search ├ó┬Ç┬ö ignored without TypeError):
  Ô£ô listAliases ignores non-string search values and does not throw

Round 115: updateAliasTitle (empty string title ├ó┬Ç┬ö stored null, returned null):
  Ô£ô updateAliasTitle with empty string stores null and returns normalized null

Round 116: loadAliases (extra unknown JSON fields ├ó┬Ç┬ö preserved by loose validation):
  Ô£ô loadAliases preserves extra unknown fields because only aliases key is validated

Round 118: renameAlias (same name ├ó┬Ç┬ö "already exists" because data.aliases[newAlias] is truthy):
  Ô£ô renameAlias to the same name returns "already exists" error (no self-rename short-circuit)

Round 118: setAlias (reserved names ├ó┬Ç┬ö case-insensitive rejection):
  Ô£ô setAlias rejects all reserved names case-insensitively (list, help, remove, delete, create, set)

Round 119: renameAlias (reserved newAlias name ├ó┬Ç┬ö parallel check to setAlias):
  Ô£ô renameAlias rejects reserved names for newAlias (same reserved list as setAlias)

Round 120: setAlias (max alias length boundary ├ó┬Ç┬ö 128 ok, 129 rejected):
  Ô£ô setAlias accepts exactly 128-char alias name but rejects 129 chars (> 128 boundary)

Round 121: setAlias (sessionPath validation ├ó┬Ç┬ö null, empty, whitespace, non-string):
  Ô£ô setAlias rejects invalid sessionPath: null, empty, whitespace-only, and non-string types

Round 122: listAliases (limit edge cases ├ó┬Ç┬ö 0/negative/NaN are falsy, return all):
  Ô£ô listAliases limit=0 returns all aliases because 0 is falsy in JS (no slicing)

Round 125: loadAliases (__proto__ key in JSON ├ó┬Ç┬ö safe, no prototype pollution):
  Ô£ô loadAliases with __proto__ alias key does not pollute Object prototype

Results: Passed: 16, Failed: 0

[Aliases] Invalid aliases file structure, resetting


ÔöüÔöüÔöü Running lib/project-detect.test.js ÔöüÔöüÔöü

=== Testing project-detect.js ===

Rule Definitions:
  Ô£ô LANGUAGE_RULES is non-empty array
  Ô£ô FRAMEWORK_RULES is non-empty array
  Ô£ô each language rule has type, markers, and extensions
  Ô£ô each framework rule has framework, language, markers, packageKeys

Empty Directory:
  Ô£ô empty directory returns unknown primary

Python Detection:
  Ô£ô detects python from requirements.txt
  Ô£ô detects python from pyproject.toml
  Ô£ô detects flask framework from requirements.txt
  Ô£ô detects django framework from manage.py
  Ô£ô detects fastapi from pyproject.toml dependencies

TypeScript/JavaScript Detection:
  Ô£ô detects typescript from tsconfig.json
  Ô£ô detects nextjs from next.config.mjs
  Ô£ô detects react from package.json
  Ô£ô detects angular from angular.json

Rust Detection:
  Ô£ô detects rust from Cargo.toml

Ruby Detection:
  Ô£ô detects ruby and rails

PHP Detection:
  Ô£ô detects php and laravel

Fullstack Detection:
  Ô£ô detects fullstack when frontend + backend frameworks present

Dependency Readers:
  Ô£ô getPackageJsonDeps reads deps and devDeps
  Ô£ô getPythonDeps reads requirements.txt
  Ô£ô getRustDeps reads Cargo.toml
  Ô£ô returns empty arrays for missing files

Elixir Detection:
  Ô£ô detects elixir from mix.exs

Edge Cases:
  Ô£ô handles non-existent directory gracefully
  Ô£ô handles malformed package.json
  Ô£ô handles malformed composer.json

=== Results: 26 passed, 0 failed ===



ÔöüÔöüÔöü Running hooks/hooks.test.js ÔöüÔöüÔöü

=== Testing Hook Scripts ===

session-start.js:
  Ô£ô runs without error
  Ô£ô outputs session info to stderr

session-start.js (edge cases):
  Ô£ô exits 0 even with isolated empty HOME
  Ô£ô reports package manager detection
  Ô£ô skips template session content
  Ô£ô injects real session content
  Ô£ô reports learned skills count

check-console-log.js:
  Ô£ô passes through stdin data to stdout
  Ô£ô exits 0 with empty stdin
  Ô£ô handles invalid JSON stdin gracefully

session-end.js:
  Ô£ô runs without error
  Ô£ô creates or updates session file
  Ô£ù includes session ID in filename
    Error: Session file should exist: C:\Users\patri\.cursor\sessions\2026-03-07-abc12345-session.tmp

pre-compact.js:
  Ô£ô runs without error
  Ô£ô outputs PreCompact message
  Ô£ô creates compaction log
  Ô£ô annotates active session file with compaction marker
  Ô£ô compaction log contains timestamp

suggest-compact.js:
  Ô£ô runs without error
  Ô£ô increments counter on each call
  Ô£ô suggests compact at threshold
  Ô£ô does not suggest below threshold
  Ô£ô suggests at regular intervals after threshold
  Ô£ô handles corrupted counter file
  Ô£ô uses default session ID when no env var
  Ô£ô validates threshold bounds

evaluate-session.js:
  Ô£ô runs without error when no transcript
  Ô£ô skips short sessions
  Ô£ô processes sessions with enough messages
  Ô£ô counts user messages with whitespace in JSON (regression)
  Ô£ô handles transcript with null content array elements (regression)

session-end.js (extractSessionSummary):
  Ô£ô extracts user messages from transcript
  Ô£ô handles transcript with array content fields
  Ô£ô extracts tool names and file paths from transcript
  Ô£ô handles transcript with malformed JSON lines
  Ô£ô handles empty transcript (no user messages)
  Ô£ô truncates long user messages to 200 chars
  Ô£ô uses CLAUDE_TRANSCRIPT_PATH env var as fallback
  Ô£ô escapes backticks in user messages in session file
  Ô£ô session file contains tools used and files modified
  Ô£ô omits Tools Used and Files Modified sections when empty
  Ô£ô slices user messages to last 10
  Ô£ô slices tools to first 20
  Ô£ô slices files modified to first 30
  Ô£ô parses Claude Code JSONL format (entry.message.content)
  Ô£ô extracts tool_use from assistant message content blocks

hooks.json Validation:
  Ô£ô hooks.json is valid JSON
  Ô£ô hooks.json has required event types
  Ô£ô all hook commands are Node.js commands
  Ô£ô script references use CLAUDE_PLUGIN_ROOT variable

plugin.json Validation:
  Ô£ô plugin.json does NOT have explicit hooks declaration

evaluate-session.js:
  Ô£ô skips when no transcript_path in stdin
  Ô£ô skips when transcript file does not exist
  Ô£ô skips short sessions (< 10 user messages)
  Ô£ô evaluates long sessions (>= 10 user messages)
  Ô£ô handles malformed stdin JSON (falls back to env var)

suggest-compact.js:
  Ô£ô increments tool counter on each invocation
  Ô£ô suggests compact at exact threshold
  Ô£ô suggests at periodic intervals after threshold
  Ô£ô does not suggest below threshold
  Ô£ô resets counter when file contains huge overflow number
  Ô£ô resets counter when file contains negative number
  Ô£ô handles COMPACT_THRESHOLD of zero (falls back to 50)
  Ô£ô handles invalid COMPACT_THRESHOLD (falls back to 50)

=== Test Results ===
Passed: 63
Failed: 1
Total:  64


Ô£ù Suite exited with non-zero status (1): hooks/hooks.test.js

ÔöüÔöüÔöü Running hooks/hooks-post-edit.test.js ÔöüÔöüÔöü

=== Testing Hook Scripts ===


post-edit-console-warn.js:
  Ô£ô warns about console.log in JS files
  Ô£ô does not warn for non-JS files
  Ô£ô does not warn for clean JS files
  Ô£ô handles missing file gracefully
  Ô£ô limits console.log output to 5 matches
  Ô£ô ignores console.warn and console.error (only flags console.log)
  Ô£ô passes through original data on stdout

post-edit-format.js:
  Ô£ô runs without error on empty stdin
  Ô£ô skips non-JS/TS files
  Ô£ô passes through data for invalid JSON
  Ô£ô handles null tool_input gracefully
  Ô£ô handles missing file_path in tool_input
  Ô£ô exits 0 and passes data when prettier is unavailable

post-edit-typecheck.js:
  Ô£ô runs without error on empty stdin
  Ô£ô skips non-TypeScript files
  Ô£ô handles nonexistent TS file gracefully
  Ô£ô handles TS file with no tsconfig gracefully
  Ô£ô stops tsconfig walk at max depth (20)
  Ô£ô passes through stdin data on stdout (post-edit-typecheck)

=== Test Results ===
Passed: 19
Failed: 0
Total:  19



ÔöüÔöüÔöü Running hooks/hooks-rounds.test.js ÔöüÔöüÔöü

=== Testing Hook Scripts (Round Cases) ===


check-console-log.js (exact pass-through):
  Ô£ô stdout is exact byte match of stdin (no trailing newline)
  Ô£ô preserves empty string stdin without adding newline
  Ô£ô preserves data with embedded newlines exactly

post-edit-format.js (security & extension tests):
  Ô£ô source code does not pass shell option to execFileSync (security)
  Ô£ô matches .tsx extension for formatting
  Ô£ô matches .jsx extension for formatting

post-edit-typecheck.js (security & extension tests):
  Ô£ô source code does not pass shell option to execFileSync (security)
  Ô£ô matches .tsx extension for type checking

Round 23: evaluate-session.js (config & nullish coalescing):
  Ô£ô respects min_session_length=0 from config (nullish coalescing)
  Ô£ô config with min_session_length=null falls back to default 10
  Ô£ô config with custom learned_skills_path creates directory
  Ô£ô handles invalid config JSON gracefully (uses defaults)

Round 23: session-end.js (update existing file path):
  Ô£ô updates Last Updated timestamp in existing session file
  Ô£ô replaces blank template with summary when updating existing file
  Ô£ô always updates session summary content on session end

Round 23: pre-compact.js (glob specificity):
  Ô£ô only annotates *-session.tmp files, not other .tmp files
  Ô£ô handles no active session files gracefully

Round 23: session-end.js (extractSessionSummary edge cases):
  Ô£ô handles transcript with only assistant messages (no user messages)
  Ô£ô extracts tool_use from assistant message content blocks

Round 24: suggest-compact.js (interval fix & fd fallback):
  Ô£ô periodic intervals are consistent with non-25-divisible threshold
  Ô£ô does not suggest at old-style multiples that skip threshold offset
  Ô£ô fd fallback: handles corrupted counter file gracefully
  Ô£ô handles counter at exact 1000000 boundary

Round 24: post-edit-format.js (edge cases):
  Ô£ô passes through malformed JSON unchanged
  Ô£ô passes through data for non-JS/TS file extensions

Round 24: post-edit-typecheck.js (edge cases):
  Ô£ô skips typecheck for non-existent file and still passes through
  Ô£ô passes through for non-TS extensions without running tsc

Round 24: session-start.js (edge cases):
  Ô£ô exits 0 with empty sessions directory (no recent sessions)
  Ô£ô does not inject blank template session into context

Round 25: post-edit-console-warn.js (pass-through fix):
  Ô£ô stdout is exact byte match of stdin (no trailing newline)
  Ô£ô passes through malformed JSON unchanged without crash
  Ô£ô handles missing file_path in tool_input gracefully
  Ô£ô passes through when file does not exist (readFile returns null)

Round 25: check-console-log.js (edge cases):
  Ô£ô source has expected exclusion patterns
  Ô£ô passes through data unchanged on non-git repo
  Ô£ô exits 0 even when no stdin is provided

=== Test Results ===
Passed: 36
Failed: 0
Total:  36



ÔöüÔöüÔöü Running hooks/hooks-rounds-3.test.js ÔöüÔöüÔöü

=== Testing Hook Scripts (Round Cases) ===


Round 41: pre-compact.js (multiple session files):
  Ô£ô annotates only the newest session file when multiple exist

Round 40: session-end.js (newline collapse):
  Ô£ô collapses newlines in user messages to single-line markdown items

Round 44: session-start.js (empty session file):
  Ô£ô does not inject empty session file content into context

Round 49: post-edit-typecheck.js (extension edge cases):
  Ô£ô .d.ts files match the TS regex and trigger typecheck path
  Ô£ô .mts extension does not trigger typecheck

Round 49: session-end.js (conditional summary sections):
  Ô£ô summary omits Files Modified and Tools Used when none found

Round 50: session-start.js (alias reporting):
  Ô£ô reports available session aliases on startup

Round 50: pre-compact.js (parallel execution):
  Ô£ô parallel compaction runs all append to log without loss
  Ô£ô rotates oversized compaction log to bounded tail

Round 50: session-start.js (graceful degradation):
  Ô£ô exits 0 when sessions path is a file (not a directory)

Round 53: post-edit-console-warn.js (max matches truncation):
  Ô£ô reports maximum 5 console.log matches per file

Round 53: post-edit-format.js (non-existent file):
  Ô£ô passes through data for non-existent .tsx file path

Round 55: session-start.js (maxAge 7-day boundary):
  Ô£ô excludes session files older than 7 days

Round 55: session-start.js (newest session selection):
  Ô£ô injects newest session when multiple recent sessions exist

Round 55: session-end.js (stdin overflow):
  Ô£ô handles stdin exceeding MAX_STDIN (1MB) gracefully

Round 56: post-edit-typecheck.js (tsconfig in parent directory):
  Ô£ô walks up directory tree to find tsconfig.json in grandparent

Round 56: suggest-compact.js (counter file as directory ÔÇö fallback path):
  Ô£ô exits 0 when counter file path is occupied by a directory

Round 59: session-start.js (unreadable session file ÔÇö readFile returns null):
    (skipped ÔÇö not supported on this platform)
  Ô£ô does not inject content when session file is unreadable

Round 59: check-console-log.js (stdin exceeding 1MB ÔÇö truncation):
  Ô£ô truncates stdin at 1MB limit and still passes through data

Round 59: pre-compact.js (read-only session file ÔÇö appendFile error):
    (skipped ÔÇö not supported on this platform)
  Ô£ô exits 0 when session file is read-only (appendFile fails)

=== Test Results ===
Passed: 20
Failed: 0
Total:  20



ÔöüÔöüÔöü Running hooks/hooks-rounds-4.test.js ÔöüÔöüÔöü

=== Testing Hook Scripts (Round Cases) ===


Round 29: post-edit-format.js (cwd and exit):
  Ô£ô source uses cwd based on file directory for npx
  Ô£ô source calls process.exit(0) after writing output
  Ô£ô uses process.stdout.write instead of console.log for pass-through

Round 29: post-edit-typecheck.js (exit and pass-through):
  Ô£ô source calls process.exit(0) after writing output
  Ô£ô uses process.stdout.write instead of console.log for pass-through
  Ô£ô exact stdout pass-through without trailing newline (typecheck)
  Ô£ô exact stdout pass-through without trailing newline (format)

Round 29: post-edit-console-warn.js (extension and exit):
  Ô£ô source calls process.exit(0) after writing output
  Ô£ô does NOT match .mts or .mjs extensions
  Ô£ô does NOT match uppercase .TS extension
  Ô£ô detects console.log in commented-out code

Round 29: check-console-log.js (exclusion patterns and exit):
  Ô£ô source calls process.exit(0) after writing output
  Ô£ô EXCLUDED_PATTERNS correctly excludes test files
  Ô£ô exclusion patterns match expected file paths

Round 29: run-all.js test runner improvements:
  Ô£ô test runner uses spawnSync to capture stderr on success

Round 32: post-edit-typecheck (special character paths):
  Ô£ô handles file path with spaces gracefully
  Ô£ô handles file path with shell metacharacters safely
  Ô£ô handles .tsx file extension

Round 32: check-console-log (edge cases):
  Ô£ô passes through data when git commands fail
  Ô£ô handles very large stdin within limit

Round 32: post-edit-console-warn (additional edge cases):
  Ô£ô handles file with only console.error (no warning)
  Ô£ô handles null tool_input gracefully

Round 32: session-end.js (empty transcript):
  Ô£ô handles completely empty transcript file
  Ô£ô handles transcript with only whitespace lines

Round 38: evaluate-session.js (tilde expansion & missing config):
  Ô£ô expands ~ in learned_skills_path to home directory
  Ô£ô does NOT expand ~ in middle of learned_skills_path
  Ô£ô uses defaults when config file does not exist

=== Test Results ===
Passed: 27
Failed: 0
Total:  27



ÔöüÔöüÔöü Running hooks/hooks-rounds-2.test.js ÔöüÔöüÔöü

=== Testing Hook Scripts (Round Cases) ===


Round 60: session-end.js (replaceInFile returns false ÔÇö timestamp update warning):
  Ô£ô logs warning when existing session file lacks Last Updated field

Round 60: post-edit-console-warn.js (stdin exceeding 1MB ÔÇö truncation):
  Ô£ô truncates stdin at 1MB limit and still passes through data

Round 60: post-edit-format.js (valid JSON without tool_input key):
  Ô£ô skips formatting when JSON has no tool_input field

Round 64: post-edit-typecheck.js (valid JSON without tool_input):
  Ô£ô skips typecheck when JSON has no tool_input field

Round 66: session-end.js (entry.role user fallback):
  Ô£ô extracts user messages from role-only format (no type field)

Round 66: session-end.js (nonexistent transcript path):
  Ô£ô logs "Transcript not found" for nonexistent transcript_path

Round 70: session-end.js (entry.name/entry.input fallback):
  Ô£ô extracts tool name and file path from entry.name/entry.input (not tool_name/tool_input)

Round 71: session-start.js (default source ÔÇö selection prompt):
  Ô£ô shows selection prompt when no package manager preference found (default source)

Round 74: session-start.js (main catch ÔÇö unrecoverable error):
    (skipped ÔÇö /dev/null not available on Windows)
  Ô£ô session-start exits 0 with error message when HOME is non-directory

Round 75: pre-compact.js (main catch ÔÇö unrecoverable error):
    (skipped ÔÇö /dev/null not available on Windows)
  Ô£ô pre-compact exits 0 with error message when HOME is non-directory

Round 75: session-end.js (main catch ÔÇö unrecoverable error):
    (skipped ÔÇö /dev/null not available on Windows)
  Ô£ô session-end exits 0 with error message when HOME is non-directory

Round 76: evaluate-session.js (main catch ÔÇö unrecoverable error):
    (skipped ÔÇö /dev/null not available on Windows)
  Ô£ô evaluate-session exits 0 with error message when HOME is non-directory

Round 76: suggest-compact.js (main catch ÔÇö double-failure):
    (skipped ÔÇö /dev/null not available on Windows)
  Ô£ô suggest-compact exits 0 with error when TMPDIR is non-directory

Round 80: session-end.js (entry.message.role user ÔÇö third OR condition):
  Ô£ô extracts user messages from entries where only message.role is user (not type or role)

Round 81: suggest-compact.js (COMPACT_THRESHOLD > 10000):
  Ô£ô COMPACT_THRESHOLD exceeding 10000 falls back to default 50

Round 81: session-end.js (user entry with non-string non-array content):
  Ô£ô skips user messages with numeric content (non-string non-array branch)

Round 82: session-end.js (entry.tool_name without type=tool_use):
  Ô£ô collects tool name from entry with tool_name but non-tool_use type

Round 82: session-end.js (template marker present but regex no-match):
  Ô£ô preserves file when marker present but regex does not match corrupted template

Round 87: post-edit-format.js (stdin exceeding 1MB ÔÇö truncation):
  Ô£ô truncates stdin at 1MB limit and still passes through data (post-edit-format)

Round 87: post-edit-typecheck.js (stdin exceeding 1MB ÔÇö truncation):
  Ô£ô truncates stdin at 1MB limit and still passes through data (post-edit-typecheck)

Round 89: post-edit-typecheck.js (TypeScript error detection path):
  Ô£ô filters TypeScript errors to edited file when tsc reports errors

Round 89: session-end.js (entry.name + entry.input fallback in extractSessionSummary):
  Ô£ô extracts tool name from entry.name and file path from entry.input (fallback format)

Round 90: readStdinJson (timeout fires when stdin stays open):
  Ô£ô readStdinJson resolves with {} when stdin never closes (timeout fires, no data)
  Ô£ô readStdinJson resolves with {} when timeout fires with invalid partial JSON

Round 94: session-end.js (tools used without files modified):
  Ô£ô session file includes Tools Used but omits Files Modified when only Read/Grep used

=== Test Results ===
Passed: 25
Failed: 0
Total:  25



ÔöüÔöüÔöü Running hooks/command-hooks.test.js ÔöüÔöüÔöü

=== Testing command-hooks.js ===

  Ô£ô passes through stdin exactly (no added newline)
  Ô£ô unknown mode exits 0 and logs warning
  Ô£ô pre-git-push-reminder warns on git push command
  Ô£ô post-pr-review-reminder prints review command from PR URL
  Ô£ô post-build-async-reminder logs on build command
  Ô£ô pre-tmux-reminder does not false-positive on bare yarn command
  Ô£ô pre-tmux-reminder logs for npm test when tmux is absent (non-Windows)
  Ô£ô pre-dev-tmux-block exits 2 on dev server commands (non-Windows)
  Ô£ô handles invalid JSON input gracefully and preserves stdout

=== Test Results ===
Passed: 9
Failed: 0
Total:  9



ÔöüÔöüÔöü Running hooks/evaluate-session.test.js ÔöüÔöüÔöü

=== Testing evaluate-session.js ===

  Ô£ô returns too-short for 9 user messages with default threshold
  Ô£ô returns evaluate for 10 user messages with default threshold
  Ô£ô returns missing-transcript when transcript path is absent
  Ô£ô falls back to CLAUDE_TRANSCRIPT_PATH env var
  Ô£ô counts user messages when JSON has spaces around colon
  Ô£ô falls back to defaults when config JSON is invalid
  Ô£ô expands ~ in learned_skills_path config

Results: Passed: 7, Failed: 0

[ContinuousLearning] Session has 15 messages - evaluate for extractable patterns
[ContinuousLearning] Save learned skills to: C:\Users\patri/.claude/skills/learned/
[ContinuousLearning] Session has 12 messages - evaluate for extractable patterns
[ContinuousLearning] Save learned skills to: C:\Users\patri/.claude/skills/learned/
[ContinuousLearning] Session has 12 messages - evaluate for extractable patterns
[ContinuousLearning] Save learned skills to: C:\Users\patri/custom-learned-skills-dir


ÔöüÔöüÔöü Running hooks/suggest-compact.test.js ÔöüÔöüÔöü

=== Testing suggest-compact.js ===

Basic counter functionality:
  Ô£ô creates counter file on first run
  Ô£ô increments counter on subsequent runs

Threshold suggestion:
  Ô£ô suggests compact at threshold (COMPACT_THRESHOLD=3)
  Ô£ô does NOT suggest compact before threshold

Interval suggestion:
  Ô£ô suggests at threshold + 25 interval

Environment variable handling:
  Ô£ô uses default threshold (50) when COMPACT_THRESHOLD is not set
  Ô£ô ignores invalid COMPACT_THRESHOLD (negative)
  Ô£ô ignores non-numeric COMPACT_THRESHOLD

Corrupted counter file:
  Ô£ô resets counter on corrupted file content
  Ô£ô resets counter on extremely large value
  Ô£ô handles empty counter file

Session isolation:
  Ô£ô uses separate counter files per session ID

Exit code:
  Ô£ô always returns code 0 semantics

Threshold boundary values:
  Ô£ô rejects COMPACT_THRESHOLD=0 (falls back to 50)
  Ô£ô accepts COMPACT_THRESHOLD=10000 (boundary max)
  Ô£ô rejects COMPACT_THRESHOLD=10001 (falls back to 50)
  Ô£ô float COMPACT_THRESHOLD is parseInt-ed
  Ô£ô counter value at exact boundary 1000000 is valid
  Ô£ô counter value at 1000001 is clamped (reset to 1)

Default session ID fallback (Round 64):
  Ô£ô uses "default" session ID when CLAUDE_SESSION_ID is empty

Results: Passed: 20, Failed: 0


ÔöüÔöüÔöü Running integration/hooks.test.js ÔöüÔöüÔöü

=== Hook Integration Tests ===

Hook Input Format Handling:
  Ô£ô hooks handle empty stdin gracefully
  Ô£ô hooks handle malformed JSON input
  Ô£ô hooks parse valid tool_input correctly

Hook Output Format:
  Ô£ô hooks output messages to stderr (not stdout)
  Ô£ô PreCompact hook logs to stderr
  Ô£ô blocking hooks output BLOCKED message

Hook Exit Codes:
  Ô£ô non-blocking hooks exit with code 0
  Ô£ô blocking hooks exit with code 2
  Ô£ô hooks handle missing files gracefully

Realistic Scenarios:
  Ô£ô suggest-compact increments and triggers at threshold
  Ô£ô evaluate-session processes transcript with sufficient messages
  Ô£ô PostToolUse PR hook extracts PR URL

Session End Transcript Parsing:
  Ô£ô session-end extracts summary from mixed JSONL formats
  Ô£ô session-end handles transcript with malformed lines gracefully
  Ô£ô session-end creates session file with nested user messages

Error Handling:
  Ô£ô hooks do not crash on unexpected input structure
  Ô£ô hooks handle null and missing values in input
  Ô£ô hooks handle very large input without hanging
  Ô£ô hooks survive stdin exceeding 1MB limit
  Ô£ô hooks handle truncated JSON from overflow gracefully

Round 51: Timeout Enforcement:
  Ô£ô runHookWithInput kills hanging hooks after timeout

Round 51: hooks.json Schema Validation:
  Ô£ô hooks.json async hook has valid timeout field
  Ô£ô all hook commands in hooks.json are valid format

=== Test Results ===
Passed: 23
Failed: 0
Total:  23



ÔöüÔöüÔöü Running ci/validators.test.js ÔöüÔöüÔöü

=== Testing CI Validators ===

validate-agents.js:
  Ô£ô passes on real project agents
  Ô£ô fails on agent without frontmatter
  Ô£ô fails on agent missing required model field
  Ô£ô fails on agent missing required tools field
  Ô£ô passes on valid agent with all required fields
  Ô£ô handles frontmatter with BOM and CRLF
  Ô£ô handles frontmatter with colons in values
  Ô£ô skips non-md files
  Ô£ô exits 0 when directory does not exist
  Ô£ô rejects agent with empty model value
  Ô£ô rejects agent with empty tools value

validate-hooks.js:
  Ô£ô passes on real project hooks.json
  Ô£ô exits 0 when hooks.json does not exist
  Ô£ô fails on invalid JSON
  Ô£ô fails on invalid event type
  Ô£ô fails on hook entry missing type field
  Ô£ô fails on hook entry missing command field
  Ô£ô fails on invalid async field type
  Ô£ô fails on negative timeout
  Ô£ô fails on invalid inline JS syntax
  Ô£ô passes valid inline JS commands
  Ô£ô validates array command format
  Ô£ô validates legacy array format
  Ô£ô fails on matcher missing hooks array

validate-skills.js:
  Ô£ô passes on real project skills
  Ô£ô exits 0 when directory does not exist
  Ô£ô fails on skill directory without SKILL.md
  Ô£ô fails on empty SKILL.md
  Ô£ô passes on valid skill directory
  Ô£ô ignores non-directory entries
  Ô£ô fails on whitespace-only SKILL.md
  Ô£ô fails when SKILL.md is missing "When to Use/Activate" section
  Ô£ô accepts SKILL.md with UTF-8 BOM

validate-commands.js:
  Ô£ô passes on real project commands
  Ô£ô exits 0 when directory does not exist
  Ô£ô fails on empty command file
  Ô£ô passes on valid command files
  Ô£ô ignores non-md files
  Ô£ô detects broken command cross-reference
  Ô£ô detects broken agent path reference
  Ô£ô skips references inside fenced code blocks
  Ô£ô detects broken workflow agent reference
  Ô£ô skips command references on creates: lines
  Ô£ô accepts valid cross-reference between commands
  Ô£ô checks references in unclosed code blocks
  Ô£ô captures ALL command references on a single line (multi-ref)
  Ô£ô captures three command refs on one line
  Ô£ô multi-ref line with one valid and one invalid ref
  Ô£ô creates: line with multiple refs skips entire line
  Ô£ô validates valid workflow diagram with known agents

validate-rules.js:
  Ô£ô passes on real project rules
  Ô£ô exits 0 when directory does not exist
  Ô£ô fails on empty rule file
  Ô£ô passes on valid rule files
  Ô£ô fails on whitespace-only rule file
  Ô£ô validates rules in subdirectories recursively
  Ô£ô fails on rule file missing heading
  Ô£ô fails on rule file with heading but no body content
  Ô£ô accepts rule file with UTF-8 BOM

Results: Passed: 59, Failed: 0


ÔöüÔöüÔöü Running ci/validators-rounds.test.js ÔöüÔöüÔöü

=== Testing CI Validators (Round Cases) ===


validate-hooks.js (whitespace edge cases):
  Ô£ô rejects whitespace-only command string
  Ô£ô rejects null command value
  Ô£ô rejects numeric command value

validate-agents.js (whitespace edge cases):
  Ô£ô rejects agent with whitespace-only model value
  Ô£ô rejects agent with whitespace-only tools value
  Ô£ô accepts agent with extra unknown frontmatter fields
  Ô£ô rejects agent with invalid model value

validate-commands.js (additional edge cases):
  Ô£ô reports all invalid agents in mixed agent references
  Ô£ô validates workflow with hyphenated agent names
  Ô£ô detects skill directory reference warning

validate-hooks.js (schema edge cases):
  Ô£ô rejects event type value that is not an array
  Ô£ô rejects matcher entry that is null
  Ô£ô rejects matcher entry that is a string
  Ô£ô rejects top-level data that is a string
  Ô£ô rejects top-level data that is a number
  Ô£ô rejects empty string command
  Ô£ô rejects empty array command
  Ô£ô rejects array command with non-string elements
  Ô£ô rejects non-string type field
  Ô£ô rejects non-number timeout type
  Ô£ô accepts timeout of exactly 0
  Ô£ô validates object format without wrapping hooks key

validate-hooks.js (legacy format errors):
  Ô£ô legacy format: rejects matcher missing matcher field
  Ô£ô legacy format: rejects matcher missing hooks array

validate-agents.js (empty directory):
  Ô£ô passes on empty agents directory

validate-commands.js (whitespace edge cases):
  Ô£ô fails on whitespace-only command file
  Ô£ô accepts valid skill directory reference

validate-rules.js (mixed files):
  Ô£ô fails on mix of valid and empty rule files

validate-hooks.js (Round 27 edge cases):
  Ô£ô rejects array command with empty string element
  Ô£ô rejects negative timeout
  Ô£ô rejects non-boolean async field
  Ô£ô reports correct index for error in deeply nested hook
  Ô£ô validates node -e with escaped quotes in inline JS
  Ô£ô accepts multiple valid event types in single hooks file

validate-commands.js (Round 27 edge cases):
  Ô£ô validates multiple command refs on same non-creates line
  Ô£ô fails when one of multiple refs on same line is invalid
  Ô£ô code blocks are stripped before checking references

validate-skills.js (mixed dirs):
  Ô£ô fails on mix of valid and invalid skill directories

Round 30: validate-commands (skill warnings):
  Ô£ô warns (not errors) when skill directory reference is not found
  Ô£ô passes when command has no slash references at all

Round 30: validate-agents (model validation):
  Ô£ô rejects agent with unrecognized model value
  Ô£ô accepts all valid model values (haiku, sonnet, opus)

Round 32: validate-agents (empty frontmatter):
  Ô£ô rejects agent with empty frontmatter block (no key-value pairs)
  Ô£ô rejects agent with no content between --- markers (Missing frontmatter)
  Ô£ô rejects agent with partial frontmatter (only model, no tools)
  Ô£ô handles multiple agents where only one is invalid

Round 32: validate-rules (non-file entries):
  Ô£ô skips directory entries even if named with .md extension
  Ô£ô handles deeply nested rule in subdirectory

Round 32: validate-commands (agent reference with valid workflow):
  Ô£ô passes workflow with three chained agents
  Ô£ô detects broken agent in middle of workflow chain

Results: Passed: 50, Failed: 0


ÔöüÔöüÔöü Running ci/validators-rounds-3.test.js ÔöüÔöüÔöü

=== Testing CI Validators (Round Cases) ===


Round 42: validate-agents (case sensitivity):
  Ô£ô rejects uppercase model value (case-sensitive check)
  Ô£ô handles space before colon in frontmatter key

Round 42: validate-commands (missing agents dir):
  Ô£ô flags agent path references when AGENTS_DIR does not exist

Round 42: validate-hooks (empty matchers array):
  Ô£ô accepts event type with empty matchers array

Round 47: validate-hooks (inline JS escape sequences):
  Ô£ô validates inline JS with mixed escape sequences (newline + escaped quote)
  Ô£ô rejects inline JS with syntax error after unescaping

Round 47: validate-agents (frontmatter lines without colon):
  Ô£ô silently ignores frontmatter line without colon

Round 52: validate-commands (inline backtick refs):
  Ô£ô validates command refs inside inline backticks (not stripped by code block removal)

Round 52: validate-commands (workflow whitespace):
  Ô£ô validates workflow arrows with irregular whitespace

Round 52: validate-rules (code-only content):
  Ô£ô fails rule file containing only a fenced code block (missing heading)

Round 57: validate-skills.js (SKILL.md is a directory ÔÇö readFileSync error):
  Ô£ô fails gracefully when SKILL.md is a directory instead of a file

Round 57: validate-rules.js (broken symlink ÔÇö statSync catch block):
  Ô£ô reports error for broken symlink .md file in rules directory

Round 57: validate-commands.js (adjacent code blocks both stripped):
  Ô£ô strips multiple adjacent code blocks before checking references

Round 58: validate-agents.js (unreadable agent file ÔÇö readFileSync catch):
    (skipped ÔÇö not supported on this platform)
  Ô£ô reports error when agent .md file is unreadable (chmod 000)

Round 58: validate-agents.js (frontmatter line with colon at position 0):
  Ô£ô rejects agent when required field key has colon at position 0 (no key name)

Round 58: validate-hooks.js (command is a plain object ÔÇö not string or array):
  Ô£ô rejects hook entry where command is a plain object

Results: Passed: 16, Failed: 0


ÔöüÔöüÔöü Running ci/validators-rounds-2.test.js ÔöüÔöüÔöü

=== Testing CI Validators (Round Cases) ===


Round 63: validate-hooks.js (object-format matcher missing matcher field):
  Ô£ô rejects object-format matcher entry missing matcher field

Round 63: validate-commands.js (unreadable command file):
    (skipped ÔÇö not supported on this platform)
  Ô£ô reports error when command .md file is unreadable (chmod 000)

Round 63: validate-commands.js (empty commands directory):
  Ô£ô passes on empty commands directory (no .md files)

Round 65: validate-rules.js (empty directory ÔÇö no .md files):
  Ô£ô passes on rules directory with no .md files (Validated 0)

Round 65: validate-skills.js (empty directory ÔÇö no subdirectories):
  Ô£ô passes on skills directory with only files, no subdirectories (Validated 0)

Round 70: validate-commands.js (would create: skip):
  Ô£ô skips command references on "would create:" lines

Round 72: validate-hooks.js (async and timeout type validation):
  Ô£ô rejects hook with non-boolean async field
  Ô£ô rejects hook with negative timeout value

Round 73: validate-commands.js (unreadable skill entry ÔÇö statSync catch):
  Ô£ô skips unreadable skill directory entries without error (broken symlink)

Round 76: validate-hooks.js (invalid JSON in hooks.json):
  Ô£ô reports error for invalid JSON in hooks.json

Round 78: validate-hooks.js (wrapped hooks format):
  Ô£ô validates wrapped format { hooks: { PreToolUse: [...] } }

Round 79: validate-commands.js (warnings count in output):
  Ô£ô output includes (N warnings) suffix when skill references produce warnings

Round 80: validate-hooks.js (legacy array format):
  Ô£ô validates hooks in legacy array format (hooks is an array, not object)

Round 82: validate-hooks (Notification and SubagentStop event types):
  Ô£ô accepts Notification and SubagentStop as valid event types

Round 83: validate-agents (whitespace-only frontmatter field value):
  Ô£ô rejects agent with whitespace-only model field (trim guard)

Round 83: validate-skills (empty SKILL.md file):
  Ô£ô rejects skill directory with empty SKILL.md file

Round 95: validate-no-hardcoded-paths.js:
  Ô£ô passes on real project (Node-only: no .sh/.ps1 in repo, no hardcoded ~/.claude/)

Results: Passed: 17, Failed: 0


ÔöüÔöüÔöü Running scripts/claw.test.js ÔöüÔöüÔöü

=== Testing claw.js ===

Storage:
  Ô£ô getClawDir() returns data-dir-relative claw path
  Ô£ô getSessionPath("foo") returns data-dir-relative .md path
  Ô£ô listSessions() returns empty array for empty dir
  Ô£ô listSessions() finds .md files and strips extension
  Ô£ô loadHistory() returns "" for non-existent file
  Ô£ô appendTurn() writes correct markdown format

Context:
  Ô£ô loadECCContext() returns "" when no skills specified
  Ô£ô loadECCContext() skips missing skill directories gracefully
  Ô£ô loadECCContext() concatenates multiple skill files

Delegation:
  Ô£ô buildPrompt() constructs correct prompt structure
  Ô£ô askClaude() handles subprocess error gracefully

REPL/Meta:
  Ô£ô module exports all required functions
Session cleared.
  Ô£ô /clear truncates session file
  Ô£ô isValidSessionName rejects invalid characters

Results: Passed: 14, Failed: 0


ÔöüÔöüÔöü Running scripts/check-dependencies.test.js ÔöüÔöüÔöü

=== Testing check-dependencies.js ===

  Ô£ô returns ok:true when all requested dependencies are installed
  Ô£ô returns missing dependency message and npm ci hint
  Ô£ô returns no-dependencies-specified message for empty input

Results: Passed: 3, Failed: 0


ÔöüÔöüÔöü Running scripts/install-ecc-unit.test.js ÔöüÔöüÔöü

=== Testing install-ecc.js (unit) ===

  Ô£ô parseArgsFrom parses list and dry-run flags
  Ô£ô parseArgsFrom defaults to claude target with no flags
  Ô£ô buildInstallPlan returns codex plan without language requirement
  Ô£ô buildInstallPlan includes global cursor rule-skip note
  Ô£ô buildInstallPlan includes claude runtime scripts detail
  Ô£ô buildInstallPlan includes gemini local paths
  Ô£ô buildInstallPlan includes gemini global paths

Results: Passed: 7, Failed: 0


ÔöüÔöüÔöü Running scripts/install-ecc.test.js ÔöüÔöüÔöü

=== Testing install-ecc.js ===

  Ô£ô claude install copies runtime scripts only (hooks + lib)
  Ô£ô cursor install copies runtime scripts only (hooks + lib)
  Ô£ô claude install merges hooks into existing settings.json and preserves other keys

=== Test Results ===
Passed: 3
Failed: 0
Total:  3



ÔöüÔöüÔöü Running scripts/setup-package-manager.test.js ÔöüÔöüÔöü

=== Testing setup-package-manager.js ===

--help:
  Ô£ô shows help with --help flag
  Ô£ô shows help with -h flag
  Ô£ô shows help with no arguments

--detect:
  Ô£ô detects current package manager
  Ô£ô shows detection sources
  Ô£ô shows available managers in detection output

--list:
  Ô£ô lists available package managers

--global:
  Ô£ô rejects --global without package manager name
  Ô£ô rejects --global with unknown package manager

--project:
  Ô£ô rejects --project without package manager name
  Ô£ô rejects --project with unknown package manager

positional argument:
  Ô£ô rejects unknown positional argument

environment variable:
  Ô£ô detects env var override

--detect output completeness:
  Ô£ô shows all three command types in detection output
  Ô£ô shows current marker for active package manager

--global flag validation (Round 31):
  Ô£ô rejects --global --project
  Ô£ô rejects --global --unknown-flag
  Ô£ô --global --list is handled by --list check first

--project flag validation (Round 31):
  Ô£ô rejects --project --global
  Ô£ô rejects --project --unknown-flag

--detect marker uniqueness (Round 45):
  Ô£ô --detect output shows exactly one (current) marker

--list output completeness (Round 45):
  Ô£ô --list shows all four supported package managers

--global success path (Round 62):
  Ô£ô --global npm writes config and succeeds

bare PM name success (Round 62):
  Ô£ô bare npm sets global preference and succeeds

--detect source label (Round 62):
  Ô£ô --detect with env var shows source as environment

--project success path (Round 68):
  Ô£ô --project npm writes project config and succeeds

--list (current) marker (Round 68):
  Ô£ô --list output includes (current) marker for active PM

Round 74: setGlobal catch (save failure):
    (skipped ÔÇö /dev/null not available on Windows)
  Ô£ô --global npm fails when HOME is not a directory

Round 74: setProject catch (save failure):
    (skipped ÔÇö chmod ineffective on Windows/root)
  Ô£ô --project npm fails when CWD is read-only

Results: Passed: 29, Failed: 0


ÔöüÔöüÔöü Running scripts/skill-create-output.test.js ÔöüÔöüÔöü

=== Testing skill-create-output.js ===

SkillCreateOutput constructor:
  Ô£ô creates instance with repo name
  Ô£ô accepts custom width option

header():
  Ô£ô outputs header with repo name
  Ô£ô header handles long repo names without crash

analysisResults():
  Ô£ô displays analysis data

patterns():
  Ô£ô displays patterns with confidence bars
  Ô£ô handles patterns with missing confidence

instincts():
  Ô£ô displays instincts in a box

output():
  Ô£ô displays file paths

nextSteps():
  Ô£ô displays next steps with commands

footer():
  Ô£ô displays footer with attribution

progressBar edge cases:
  Ô£ô does not crash with confidence > 1.0 (percent > 100)
  Ô£ô renders 0% confidence bar without crash
  Ô£ô renders 100% confidence bar without crash

empty array edge cases:
  Ô£ô patterns() with empty array produces header but no entries
  Ô£ô instincts() with empty array produces box but no entries

box() crash prevention:
  Ô£ô box does not crash on title longer than width
  Ô£ô analysisResults does not crash with very narrow width

box() alignment:
  Ô£ô top, middle, and bottom lines have equal visual width

box() content overflow:
  Ô£ô box does not crash when content line exceeds width
  Ô£ô patterns renders negative confidence without crash
  Ô£ô header does not crash with very long repo name
  Ô£ô stripAnsi handles nested ANSI codes with multi-digit params
  Ô£ô footer produces output

header() width alignment (Round 34):
  Ô£ô header subtitle line matches border width
  Ô£ô header all lines have consistent width for short repo name
  Ô£ô header subtitle has correct content area width of 64 chars
  Ô£ô header subtitle line does not truncate with medium-length repo name

box() width accuracy (Round 35):
  Ô£ô box lines in instincts() match the default box width of 60
  Ô£ô box lines with custom width match the requested width
  Ô£ô analysisResults box lines are all 60 chars wide
  Ô£ô nextSteps box lines are all 60 chars wide

analysisResults zero values (Round 54):
  Ô£ô analysisResults handles zero values for all data fields

demo export (Round 68):
  Ô£ô module exports demo function alongside SkillCreateOutput

Round 85: patterns() confidence=0 nullish coalescing:
  Ô£ô patterns() with confidence=0 shows 0%, not 80% (nullish coalescing fix)

Round 87: analyzePhase() async method:
  Ô£ô analyzePhase completes without error and writes to stdout

Results: Passed: 36, Failed: 0


ÔöüÔöüÔöü Running scripts/node-runtime-scripts.test.js ÔöüÔöüÔöü

=== Testing Skill Runtime Scripts (Node.js) ===

File Presence:
  Ô£ô all expected .js scripts exist

Script Smoke Tests:
  Ô£ô evaluate-session.js exits 0 with empty stdin
  Ô£ô suggest-compact.js emits threshold message when threshold=1
  Ô£ô detect-project.js returns JSON payload
  Ô£ô scan.js emits expected top-level JSON fields
  Ô£ô save-results.js bootstraps results file from stdin JSON
  Ô£ô quick-diff.js reports new skill files after old evaluated_at

=== Test Results ===
Passed: 7
Failed: 0
Total:  7



ÔòöÔòÉÔòÉÔòÉÔòÉÔòÉÔòÉÔòÉÔòÉÔòÉÔòÉÔòÉÔòÉÔòÉÔòÉÔòÉÔòÉÔòÉÔòÉÔòÉÔòÉÔòÉÔòÉÔòÉÔòÉÔòÉÔòÉÔòÉÔòÉÔòÉÔòÉÔòÉÔòÉÔòÉÔòÉÔòÉÔòÉÔòÉÔòÉÔòÉÔòÉÔòÉÔòÉÔòÉÔòÉÔòÉÔòÉÔòÉÔòÉÔòÉÔòÉÔòÉÔòÉÔòÉÔòÉÔòÉÔòÉÔòÉÔòÉÔòù
Ôòæ                     Final Results                        Ôòæ
ÔòáÔòÉÔòÉÔòÉÔòÉÔòÉÔòÉÔòÉÔòÉÔòÉÔòÉÔòÉÔòÉÔòÉÔòÉÔòÉÔòÉÔòÉÔòÉÔòÉÔòÉÔòÉÔòÉÔòÉÔòÉÔòÉÔòÉÔòÉÔòÉÔòÉÔòÉÔòÉÔòÉÔòÉÔòÉÔòÉÔòÉÔòÉÔòÉÔòÉÔòÉÔòÉÔòÉÔòÉÔòÉÔòÉÔòÉÔòÉÔòÉÔòÉÔòÉÔòÉÔòÉÔòÉÔòÉÔòÉÔòÉÔòÉÔòÉÔòú
Ôòæ  Total Tests: 1064                                       Ôòæ
Ôòæ  Passed:      1063  Ô£ô                                    Ôòæ
Ôòæ  Failed:         1  Ô£ù                                    Ôòæ
Ôòæ  Suites:        34  run                                  Ôòæ
Ôòæ  Suite Fail:     1  Ô£ù                                    Ôòæ
ÔòÜÔòÉÔòÉÔòÉÔòÉÔòÉÔòÉÔòÉÔòÉÔòÉÔòÉÔòÉÔòÉÔòÉÔòÉÔòÉÔòÉÔòÉÔòÉÔòÉÔòÉÔòÉÔòÉÔòÉÔòÉÔòÉÔòÉÔòÉÔòÉÔòÉÔòÉÔòÉÔòÉÔòÉÔòÉÔòÉÔòÉÔòÉÔòÉÔòÉÔòÉÔòÉÔòÉÔòÉÔòÉÔòÉÔòÉÔòÉÔòÉÔòÉÔòÉÔòÉÔòÉÔòÉÔòÉÔòÉÔòÉÔòÉÔòÉÔòØ
